1788823684 34.35 59 1572
1788823686 65.01 62 1572
1788823688 64.97 68 1572
1788823690 65.03 67 1572
1788823692 64.99 69 1572
1788823694 65.08 69 1572
1788823696 52.47 60 1572
1788823698 49.98 60 1572
1788823700 49.95 60 1572
1788823702 49.95 60 1572
1788823704 49.94 61 1572
1788823706 49.97 62 1572
1788823708 49.95 62 1572
1788823710 49.96 63 1572
1788823712 50.02 62 1572
1788823714 49.90 62 1572
1788823716 49.95 62 1572
1788823718 49.99 62 1572
1788823720 49.94 63 1572
1788823722 49.93 64 1572
1788823724 49.97 62 1572
1788823726 49.94 63 1572
1788823728 49.97 64 1572
1788823730 49.95 64 1572
1788823733 49.97 62 1572
1788823735 49.94 64 1572
1788823737 49.97 63 1572
1788823739 49.96 65 1572
1788823741 49.94 64 1572
1788823743 50.02 64 1572
1788823745 49.88 64 1572
1788823747 49.97 63 1572
1788823749 49.95 64 1572
1788823751 49.96 65 1572
1788823753 49.97 65 1572
1788823755 49.94 64 1572
1788823757 49.99 65 1572
1788823759 49.95 65 1572
1788823761 49.96 65 1572
1788823763 49.97 65 1572
1788823765 49.96 65 1572
1788823767 49.95 65 1572
1788823769 49.95 64 1572
1788823771 49.99 65 1572
1788823773 49.94 65 1572
1788823775 49.98 65 1572
1788823777 49.96 65 1572
1788823779 49.95 65 1572
1788823781 49.96 65 1572
1788823783 49.94 65 1572
1788823785 49.95 65 1572
1788823787 49.94 65 1572
1788823789 49.97 65 1572
1788823791 49.93 65 1572
1788823793 49.99 65 1572
1788823795 49.93 66 1572
1788823798 49.95 65 1572
1788823800 50.02 65 1572
1788823802 49.90 65 1572
1788823804 49.96 66 1572
1788823806 49.98 65 1572
1788823808 49.92 66 1572
1788823810 49.97 65 1572
1788823812 49.97 66 1572
1788823814 49.92 65 1572
1788823816 49.98 66 1572
1788823818 50.01 67 1572
1788823820 49.90 65 1572
1788823822 49.94 65 1572
1788823824 49.96 65 1572
1788823826 49.99 64 1572
1788823828 49.94 65 1572
1788823830 49.95 65 1572
1788823832 49.94 65 1572
1788823834 49.95 66 1572
1788823836 49.95 65 1572
1788823838 49.94 66 1572
1788823840 49.97 65 1572
1788823842 49.89 65 1572
1788823844 49.99 67 1572
1788823846 49.96 66 1572
1788823848 49.95 66 1572
1788823850 49.96 66 1572
1788823852 49.95 67 1572
1788823854 49.96 67 1572
1788823856 49.95 66 1572
1788823858 49.97 66 1572
1788823861 49.94 66 1572
1788823863 49.93 67 1572
