1788824319 37.23 67 1572
1788824321 65.68 71 1572
1788824323 65.47 69 1572
1788824325 65.66 70 1572
1788824327 66.12 74 1572
1788824329 65.95 73 1572
1788824331 50.07 65 1572
1788824333 49.96 64 1572
1788824335 50.03 65 1572
1788824337 49.93 65 1572
1788824339 49.97 65 1572
1788824341 49.91 65 1572
1788824343 49.97 65 1572
1788824345 49.98 65 1572
1788824347 49.94 65 1572
1788824349 49.98 65 1572
1788824351 49.96 64 1572
1788824353 49.94 65 1572
1788824355 49.97 64 1572
1788824357 49.95 65 1572
1788824359 49.98 65 1572
1788824361 49.95 65 1572
1788824363 49.92 65 1572
1788824365 49.99 65 1572
1788824367 49.97 65 1572
1788824369 49.94 65 1572
1788824371 49.93 66 1572
1788824373 50.02 65 1572
1788824375 49.90 65 1572
1788824377 49.94 66 1572
1788824380 49.97 66 1572
1788824382 49.96 65 1572
1788824384 49.98 65 1572
1788824386 49.93 65 1572
1788824388 49.94 65 1572
1788824390 50.05 66 1572
1788824392 49.92 66 1572
1788824394 49.89 66 1572
1788824396 49.97 65 1572
1788824398 49.94 65 1572
1788824400 49.97 65 1572
1788824402 49.99 67 1572
1788824404 49.91 67 1572
1788824406 50.01 65 1572
1788824408 49.92 66 1572
1788824410 49.91 66 1572
1788824412 49.94 66 1572
1788824414 49.97 65 1572
1788824416 49.94 65 1572
1788824418 49.99 66 1572
1788824420 49.92 66 1572
1788824422 49.96 67 1572
1788824424 49.96 66 1572
1788824426 49.90 67 1572
1788824428 50.00 66 1572
1788824430 49.94 66 1572
1788824432 49.96 66 1572
1788824434 49.96 65 1572
1788824436 49.95 67 1572
1788824438 49.99 66 1572
1788824440 49.95 67 1572
1788824442 49.99 64 1572
1788824445 49.92 65 1572
1788824447 49.94 65 1572
1788824449 49.96 65 1572
1788824451 49.94 66 1572
1788824453 49.97 67 1572
1788824455 50.02 67 1572
1788824457 49.90 67 1572
1788824459 49.95 67 1572
1788824461 49.94 67 1572
1788824463 49.97 67 1572
1788824465 49.96 67 1572
1788824467 49.94 67 1572
1788824469 49.99 67 1572
1788824471 49.94 67 1572
1788824473 49.93 67 1572
1788824475 49.99 67 1572
1788824477 49.94 67 1572
1788824479 49.96 66 1572
1788824481 49.95 66 1572
1788824483 49.93 67 1572
1788824485 49.97 67 1572
1788824487 49.95 67 1572
1788824489 49.96 67 1572
1788824491 49.94 67 1572
1788824493 49.99 66 1572
1788824495 49.94 66 1572
1788824497 49.93 66 1572
