1788824107 41.11 74 1572
1788824109 80.57 76 1572
1788824111 80.74 81 1572
1788824113 80.71 81 1572
1788824115 80.65 85 1572
1788824117 80.70 85 1572
1788824119 78.87 77 1572
1788824121 64.97 77 1572
1788824123 64.93 78 1572
1788824125 64.92 77 1572
1788824127 65.03 76 1572
1788824129 64.92 78 1572
1788824131 65.02 76 1572
1788824133 64.90 75 1572
1788824135 64.93 76 1572
1788824137 64.98 77 1572
1788824139 64.94 77 1572
1788824142 64.99 77 1572
1788824144 64.91 77 1572
1788824146 64.96 79 1572
1788824148 64.94 80 1572
1788824150 64.93 80 1572
1788824152 65.00 78 1572
1788824154 64.87 80 1572
1788824156 64.99 80 1572
1788824158 64.93 79 1572
1788824160 64.96 80 1572
1788824162 64.99 80 1572
1788824164 64.93 80 1572
1788824166 64.97 80 1572
1788824168 64.95 80 1572
1788824170 64.94 80 1572
1788824172 64.95 80 1572
1788824174 64.97 80 1572
1788824176 64.92 80 1572
1788824178 65.01 80 1572
1788824180 64.88 80 1572
1788824182 64.93 80 1572
1788824184 64.93 80 1572
1788824186 64.98 80 1572
1788824188 64.98 80 1572
1788824190 64.93 80 1572
1788824192 64.99 80 1572
1788824194 64.93 80 1572
1788824196 64.96 80 1572
1788824198 64.93 79 1572
1788824200 64.94 81 1572
1788824202 64.95 79 1572
1788824204 64.94 80 1572
1788824206 64.97 81 1572
1788824209 64.90 80 1572
1788824211 65.00 80 1572
1788824213 64.90 80 1572
1788824215 65.01 80 1572
1788824217 64.97 80 1572
1788824219 64.90 81 1572
1788824221 64.96 81 1572
1788824223 64.94 80 1572
1788824225 64.94 80 1572
1788824227 65.03 80 1572
1788824229 64.89 81 1572
1788824231 64.96 80 1572
1788824233 64.96 80 1572
1788824235 64.97 80 1572
1788824237 64.97 81 1572
1788824239 64.92 80 1572
1788824241 64.98 80 1572
1788824243 64.96 80 1572
1788824245 64.90 80 1572
1788824247 65.01 81 1572
1788824249 64.93 80 1572
1788824251 64.97 80 1572
1788824253 64.96 81 1572
1788824255 64.93 81 1572
1788824257 65.00 80 1572
1788824259 64.91 82 1572
1788824261 64.92 81 1572
1788824263 64.98 81 1572
1788824265 64.99 81 1572
1788824267 64.96 80 1572
1788824269 64.93 81 1572
1788824271 64.97 80 1572
1788824274 64.93 81 1572
1788824276 64.98 80 1572
1788824278 64.89 80 1572
1788824280 64.99 80 1572
1788824282 64.95 80 1572
1788824284 64.93 81 1572
1788824286 64.95 80 1572
