1788823895 42.44 73 1572
1788823897 80.64 77 1572
1788823899 80.67 82 1572
1788823901 80.75 81 1572
1788823903 80.76 83 1572
1788823906 80.76 87 1572
1788823908 78.14 77 1572
1788823910 65.02 77 1572
1788823912 64.97 76 1572
1788823914 64.87 77 1572
1788823916 65.00 77 1572
1788823918 64.97 77 1572
1788823920 64.94 77 1572
1788823922 65.06 78 1572
1788823924 64.87 77 1572
1788823926 65.01 77 1572
1788823928 64.90 77 1572
1788823930 64.93 78 1572
1788823932 64.95 78 1572
1788823934 64.95 78 1572
1788823936 64.94 78 1572
1788823938 64.93 80 1572
1788823940 64.98 80 1572
1788823942 64.93 78 1572
1788823944 64.98 80 1572
1788823946 64.98 78 1572
1788823948 64.92 80 1572
1788823950 64.98 80 1572
1788823952 64.98 80 1572
1788823954 64.91 80 1572
1788823956 64.96 80 1572
1788823958 64.90 80 1572
1788823960 65.02 80 1572
1788823962 64.92 81 1572
1788823964 64.99 80 1572
1788823966 64.90 80 1572
1788823968 64.98 80 1572
1788823971 64.95 80 1572
1788823973 64.95 80 1572
1788823975 64.97 81 1572
1788823977 64.92 81 1572
1788823979 64.97 79 1572
1788823981 64.97 81 1572
1788823983 64.93 80 1572
1788823985 65.01 81 1572
1788823987 64.99 80 1572
1788823989 64.87 81 1572
1788823991 64.96 80 1572
1788823993 64.93 80 1572
1788823995 64.99 81 1572
1788823997 64.93 81 1572
1788823999 64.93 80 1572
1788824001 64.96 80 1572
1788824003 64.94 81 1572
1788824005 65.00 81 1572
1788824007 64.90 81 1572
1788824009 65.00 80 1572
1788824011 64.88 81 1572
1788824013 64.97 80 1572
1788824015 65.00 80 1572
1788824017 64.92 81 1572
1788824019 64.91 81 1572
1788824021 65.01 81 1572
1788824023 64.93 81 1572
1788824025 64.96 81 1572
1788824027 64.93 81 1572
1788824029 64.98 81 1572
1788824031 64.90 81 1572
1788824033 65.01 81 1572
1788824035 65.02 80 1572
1788824038 64.88 81 1572
1788824040 64.99 81 1572
1788824042 64.90 81 1572
1788824044 65.06 80 1572
1788824046 64.87 81 1572
1788824048 65.03 81 1572
1788824050 64.88 81 1572
1788824052 64.94 81 1572
1788824054 64.96 81 1572
1788824056 64.98 81 1572
1788824058 64.93 81 1572
1788824060 64.93 81 1572
1788824062 64.93 81 1572
1788824064 64.97 81 1572
1788824066 65.03 81 1572
1788824068 64.87 81 1572
1788824070 64.99 81 1572
1788824072 64.90 81 1572
1788824074 65.00 81 1572
