1788745485 48.39 100 16964
1788745487 84.64 100 17961
1788745490 81.54 100 18964
1788745492 78.64 100 19927
1788745494 77.30 100 20958
1788745496 75.92 100 21980
1788745498 74.96 100 23037
1788745500 73.46 100 24160
1788745502 72.40 100 25594
1788745504 71.34 100 27154
1788745506 70.32 100 28740
1788745508 70.05 99 30342
1788745510 69.47 100 31974
1788745512 69.36 99 33621
1788745514 69.02 100 35300
1788745516 68.68 100 36936
1788745518 68.87 100 38587
1788745520 68.95 100 40177
1788745522 68.93 100 41822
1788745524 68.91 100 43381
1788745526 68.95 100 44968
1788745528 69.50 100 46551
1788745530 69.52 100 48148
1788745532 69.68 99 49741
1788745534 69.80 100 51326
1788745536 70.18 100 52828
1788745538 71.08 100 54331
1788745540 71.01 99 55804
1788745542 71.22 100 57152
1788745544 71.28 100 58733
1788745546 71.39 100 60306
1788745548 71.66 100 61851
1788745550 71.67 99 63301
1788745552 71.98 100 64777
1788745554 72.24 100 66258
1788745556 72.05 100 67706
1788745558 72.61 100 69108
1788745560 72.52 100 70512
1788745562 72.87 100 71794
1788745564 72.86 100 73061
1788745567 72.89 100 74521
1788745569 72.75 100 75893
1788745571 71.98 99 77381
1788745573 72.12 99 78862
1788745575 71.93 100 80305
1788745577 72.19 100 81825
1788745579 72.71 100 83169
1788745581 72.65 100 84632
1788745583 73.01 100 86068
1788745585 72.89 100 87468
1788745587 72.82 100 88755
1788745589 73.09 99 89949
1788745591 73.32 100 91231
1788745593 73.31 100 92607
1788745595 73.37 100 93763
1788745597 73.41 100 95046
1788745599 73.16 100 96364
1788745601 73.34 100 97689
1788745603 73.55 100 99015
1788745605 73.55 100 100320
1788745607 73.51 100 101494
1788745609 73.48 100 102694
1788745611 73.39 99 104110
1788745613 73.30 100 105513
1788745615 73.31 100 106918
1788745617 73.54 100 108258
1788745619 73.44 100 109641
1788745621 73.53 100 111094
1788745623 73.49 100 112472
1788745625 73.48 100 113887
1788745627 73.54 100 115314
1788745629 73.72 100 116705
1788745631 73.63 100 118087
1788745633 73.85 100 119360
1788745635 74.22 100 120433
1788745637 73.97 99 121424
1788745639 74.35 100 122420
1788745641 74.02 99 123568
1788745643 73.78 100 124678
1788745646 73.83 100 125931
1788745648 73.82 100 127151
1788745650 73.45 99 128576
1788745652 73.61 100 129985
1788745654 73.85 100 131208
1788745656 73.60 100 132393
1788745658 73.82 99 133434
1788745660 73.73 100 134585
1788745662 73.80 100 135661
1788745664 73.96 100 136821
