1788745899 42.37 92 137273
1788745901 80.69 95 137273
1788745903 80.51 98 137339
1788745905 80.40 98 137772
1788745907 76.85 85 138396
1788745909 54.96 83 138396
1788745911 54.97 86 138396
1788745913 54.97 84 138396
1788745915 54.94 85 138396
1788745917 54.95 85 138396
1788745919 54.97 85 138396
1788745921 54.97 85 138396
1788745923 54.99 85 138396
1788745925 54.94 85 138396
1788745927 54.91 84 138396
1788745929 55.00 85 138396
1788745931 54.99 88 138396
1788745933 54.91 85 138396
1788745935 54.92 85 138396
1788745937 54.95 86 138396
1788745939 54.96 86 138396
1788745941 54.96 86 138396
1788745943 54.96 85 138396
1788745945 54.91 85 138396
1788745947 54.97 85 138396
1788745949 55.03 86 138396
1788745952 54.90 85 138396
1788745954 54.97 85 138396
1788745956 54.92 85 138396
1788745958 55.00 86 138396
1788745960 54.94 85 138396
1788745962 54.97 85 138396
1788745964 54.93 85 138396
1788745966 54.98 85 138396
1788745968 54.96 85 138396
1788745970 54.93 86 138396
1788745972 54.97 85 138396
1788745974 54.97 86 138396
1788745976 54.91 85 138396
1788745978 54.95 85 138396
1788745980 54.96 85 138396
1788745982 55.00 85 138396
1788745984 54.99 85 138396
1788745986 54.89 85 138396
1788745988 54.97 84 138396
1788745990 54.94 84 138396
1788745992 54.93 84 138396
1788745994 55.00 85 138396
1788745996 54.91 85 138396
1788745998 55.00 85 138396
1788746000 54.93 85 138396
1788746002 54.99 85 138396
1788746004 54.91 84 138396
1788746006 54.94 85 138396
1788746008 54.97 84 138396
1788746010 54.93 84 138396
1788746012 55.00 84 138396
1788746014 54.94 85 138396
1788746016 54.91 85 138396
1788746018 55.00 85 138396
1788746020 54.91 84 138396
1788746023 54.98 84 138396
1788746025 54.91 84 138396
1788746027 54.96 83 138396
1788746029 55.00 84 138396
1788746031 54.99 85 138396
1788746033 54.88 85 138396
1788746035 54.94 85 138396
1788746037 54.97 85 138396
1788746039 54.97 84 138396
1788746041 54.91 85 138396
1788746043 54.97 84 138396
1788746045 54.97 84 138396
1788746047 54.94 84 138396
1788746049 54.96 84 138396
1788746051 54.95 84 138396
1788746053 54.96 84 138396
1788746055 55.00 84 138396
1788746057 54.99 85 138396
1788746059 54.89 85 138396
1788746061 54.93 84 138396
1788746063 54.94 85 138396
1788746065 54.97 84 138396
1788746067 54.95 85 138396
1788746069 54.97 85 138396
1788746071 54.93 85 138396
1788746073 54.98 85 138396
1788746075 54.97 85 138396
1788746077 54.94 85 138396
