1788745687 34.82 85 137273
1788745689 65.12 83 137273
1788745691 65.50 87 137273
1788745693 64.97 86 137273
1788745695 65.43 88 137273
1788745697 65.36 88 137273
1788745699 57.07 81 137273
1788745701 49.98 81 137273
1788745703 49.95 81 137273
1788745705 49.98 81 137273
1788745707 49.96 81 137273
1788745709 49.95 81 137273
1788745711 49.98 81 137273
1788745713 49.95 81 137273
1788745715 49.96 82 137273
1788745718 49.94 81 137273
1788745720 49.94 81 137273
1788745722 49.97 81 137273
1788745724 49.98 82 137273
1788745726 49.96 82 137273
1788745728 50.02 81 137273
1788745730 49.89 82 137273
1788745732 49.95 82 137273
1788745734 49.96 82 137273
1788745736 49.99 82 137273
1788745738 49.92 82 137273
1788745740 49.95 82 137273
1788745742 49.97 82 137273
1788745744 49.96 83 137273
1788745746 49.94 82 137273
1788745748 49.94 82 137273
1788745750 49.99 82 137273
1788745752 49.98 83 137273
1788745754 49.92 82 137273
1788745756 49.94 83 137273
1788745758 49.96 82 137273
1788745760 49.93 83 137273
1788745762 50.01 82 137273
1788745764 49.94 82 137273
1788745766 49.95 82 137273
1788745768 49.95 81 137273
1788745770 49.96 82 137273
1788745772 49.98 82 137273
1788745774 49.94 82 137273
1788745776 49.95 82 137273
1788745778 50.01 82 137273
1788745780 49.89 82 137273
1788745782 49.96 82 137273
1788745784 49.93 82 137273
1788745787 49.98 81 137273
1788745789 49.92 81 137273
1788745791 50.00 82 137273
1788745793 49.95 82 137273
1788745795 49.93 82 137273
1788745797 50.00 81 137273
1788745799 49.93 82 137273
1788745801 49.95 82 137273
1788745803 49.95 81 137273
1788745805 49.93 80 137273
1788745807 50.05 82 137273
1788745809 49.89 81 137273
1788745811 49.97 82 137273
1788745813 49.96 81 137273
1788745815 49.94 81 137273
1788745817 49.98 82 137273
1788745819 49.92 81 137273
1788745821 49.94 82 137273
1788745823 49.95 82 137273
1788745825 49.96 81 137273
1788745827 49.97 81 137273
1788745829 49.94 81 137273
1788745831 49.94 82 137273
1788745833 49.99 82 137273
1788745835 49.92 81 137273
1788745837 49.99 82 137273
1788745839 49.94 82 137273
1788745841 49.97 82 137273
1788745843 49.94 81 137273
1788745845 49.97 81 137273
1788745847 49.95 82 137273
1788745849 49.96 82 137273
1788745851 49.94 81 137273
1788745853 49.94 82 137273
1788745856 49.94 82 137273
1788745858 50.02 81 137273
1788745860 49.91 82 137273
1788745862 49.95 82 137273
1788745864 49.96 82 137273
1788745866 49.95 82 137273
