1788746514 48.55 100 140855
1788746516 86.26 100 142371
1788746518 82.83 100 143931
1788746520 80.67 100 145465
1788746522 78.63 100 146971
1788746524 77.52 100 148465
1788746526 76.10 99 150121
1788746528 74.97 100 151652
1788746530 73.81 100 153186
1788746532 72.44 99 154723
1788746534 71.88 100 156234
1788746536 71.53 100 157851
1788746538 70.82 100 159424
1788746540 70.72 100 160914
1788746542 70.72 100 162306
1788746544 70.87 100 163758
1788746546 70.40 100 165318
1788746548 70.33 99 166890
1788746550 70.52 100 168347
1788746552 70.00 99 169808
1788746554 70.40 100 171285
1788746556 70.28 100 172842
1788746558 70.78 100 174372
1788746560 70.74 100 175765
1788746562 70.85 100 177022
1788746564 70.97 99 178450
1788746566 71.21 99 179982
1788746568 71.53 99 181494
1788746571 71.60 100 183063
1788746573 71.86 100 184468
1788746575 72.48 100 185722
1788746577 72.74 100 186973
1788746579 72.66 100 188344
1788746581 73.10 100 189589
1788746583 72.93 100 190885
1788746585 73.05 100 191960
1788746587 73.27 100 193124
1788746589 73.73 100 194288
1788746591 73.40 100 195549
1788746593 73.74 99 196658
1788746595 73.85 100 197774
1788746597 73.79 100 198989
1788746599 73.37 100 200400
1788746601 73.10 100 201743
1788746603 73.27 100 203218
1788746605 73.73 100 204459
1788746607 73.90 99 205697
1788746609 74.06 100 206918
1788746611 74.14 100 208084
1788746613 74.00 99 209330
1788746615 73.82 100 210332
1788746617 74.09 100 211340
1788746619 74.36 100 212439
1788746621 74.21 100 213548
1788746623 74.37 100 214593
1788746625 74.05 100 215931
1788746627 73.90 100 217359
1788746629 73.93 99 218793
1788746631 74.14 100 220285
1788746633 74.14 100 221661
1788746635 74.17 100 222891
1788746637 74.24 100 224122
1788746639 74.47 100 225251
1788746641 75.04 100 226351
1788746643 74.67 100 227468
1788746645 74.48 100 228533
1788746647 74.83 99 229648
1788746650 74.73 99 230802
1788746652 74.29 100 232202
1788746654 74.66 100 233527
1788746656 74.85 100 234511
1788746658 75.01 100 235650
1788746660 75.00 100 236648
1788746662 74.94 99 237731
1788746664 75.01 100 238912
1788746666 75.08 100 240083
1788746668 75.17 100 241121
1788746670 75.18 100 242176
1788746672 75.04 100 243217
1788746674 74.92 100 244374
1788746676 75.12 100 245615
1788746678 75.15 100 246863
1788746680 74.87 100 248135
1788746682 75.02 100 249212
1788746684 74.89 100 250408
1788746686 74.82 100 251552
1788746688 75.11 100 252789
1788746690 74.95 100 253955
1788746692 75.01 99 255057
