1788746302 34.42 83 140219
1788746304 65.07 85 140219
1788746306 64.87 89 140219
1788746308 64.85 89 140219
1788746310 64.87 89 140219
1788746312 64.60 83 140219
1788746314 49.96 82 140219
1788746316 49.97 81 140219
1788746318 49.92 81 140219
1788746320 49.97 82 140219
1788746322 50.00 81 140219
1788746324 49.95 81 140219
1788746326 49.97 82 140219
1788746328 49.94 82 140219
1788746331 49.98 82 140219
1788746333 49.94 82 140219
1788746335 49.95 82 140219
1788746337 49.96 82 140219
1788746339 49.95 82 140219
1788746341 49.94 82 140219
1788746343 50.00 82 140219
1788746345 49.90 82 140219
1788746347 49.96 83 140219
1788746349 49.99 82 140219
1788746351 49.92 82 140219
1788746353 49.98 83 140219
1788746355 49.95 82 140219
1788746357 49.95 82 140219
1788746359 49.97 83 140219
1788746361 49.99 83 140219
1788746363 49.92 82 140219
1788746365 49.97 82 140219
1788746367 49.93 82 140219
1788746369 49.99 82 140219
1788746371 49.99 82 140219
1788746373 49.90 84 140219
1788746375 49.97 83 140219
1788746377 49.97 82 140219
1788746379 49.91 82 140219
1788746381 49.97 82 140219
1788746383 49.97 83 140219
1788746385 49.95 82 140219
1788746387 49.98 82 140219
1788746389 49.94 82 140219
1788746391 49.95 81 140219
1788746393 49.95 82 140219
1788746395 49.93 82 140219
1788746397 49.96 82 140219
1788746400 50.03 81 140219
1788746402 49.89 82 140219
1788746404 49.96 82 140219
1788746406 49.97 82 140219
1788746408 49.96 82 140219
1788746410 49.92 82 140219
1788746412 49.99 82 140219
1788746414 49.97 82 140219
1788746416 49.92 82 140219
1788746418 49.99 82 140219
1788746420 49.94 82 140219
1788746422 49.99 82 140219
1788746424 49.93 81 140219
1788746426 50.00 81 140219
1788746428 49.92 82 140219
1788746430 49.93 82 140219
1788746432 50.01 82 140219
1788746434 49.92 82 140219
1788746436 49.94 81 140219
1788746438 49.96 82 140219
1788746440 49.94 82 140219
1788746442 49.97 81 140219
1788746444 49.97 82 140219
1788746446 49.94 82 140219
1788746448 49.96 82 140219
1788746450 49.96 82 140219
1788746452 49.96 82 140219
1788746454 49.94 83 140219
1788746456 49.96 82 140219
1788746458 49.95 82 140219
1788746460 49.99 82 140219
1788746462 49.97 82 140219
1788746464 49.94 83 140219
1788746466 49.96 82 140219
1788746468 49.95 82 140219
1788746471 49.98 82 140219
1788746473 49.95 82 140219
1788746475 49.93 81 140219
1788746477 50.01 82 140219
1788746479 49.96 82 140219
1788746481 49.90 82 140219
