1788746100 42.40 93 138396
1788746102 80.69 95 138480
1788746104 80.32 98 138610
1788746107 80.45 98 139228
1788746109 74.07 85 140219
1788746111 54.88 85 140219
1788746113 54.98 85 140219
1788746115 55.02 84 140219
1788746117 54.92 84 140219
1788746119 54.95 86 140219
1788746121 55.00 84 140219
1788746123 54.90 85 140219
1788746125 55.00 86 140219
1788746127 54.92 85 140219
1788746129 54.96 85 140219
1788746131 54.99 86 140219
1788746133 54.92 85 140219
1788746135 54.99 85 140219
1788746137 54.91 86 140219
1788746139 54.96 85 140219
1788746141 54.94 85 140219
1788746143 54.97 85 140219
1788746145 55.01 85 140219
1788746147 54.91 85 140219
1788746149 55.00 85 140219
1788746151 54.93 85 140219
1788746153 54.94 86 140219
1788746155 54.97 85 140219
1788746157 54.96 85 140219
1788746159 54.97 85 140219
1788746161 54.99 85 140219
1788746163 54.94 85 140219
1788746165 54.96 84 140219
1788746167 54.92 84 140219
1788746169 54.96 85 140219
1788746171 54.95 85 140219
1788746173 54.94 84 140219
1788746175 54.99 85 140219
1788746177 54.94 85 140219
1788746180 54.94 85 140219
1788746182 54.96 85 140219
1788746184 54.99 85 140219
1788746186 54.95 85 140219
1788746188 54.98 85 140219
1788746190 54.89 85 140219
1788746192 54.96 85 140219
1788746194 54.95 85 140219
1788746196 54.99 84 140219
1788746198 54.91 84 140219
1788746200 54.99 85 140219
1788746202 54.93 85 140219
1788746204 54.97 85 140219
1788746206 54.97 85 140219
1788746208 54.97 85 140219
1788746210 54.96 85 140219
1788746212 54.97 84 140219
1788746214 54.91 85 140219
1788746216 54.98 84 140219
1788746218 54.93 85 140219
1788746220 54.99 85 140219
1788746222 54.91 84 140219
1788746224 54.98 85 140219
1788746226 54.94 85 140219
1788746228 54.92 85 140219
1788746230 55.00 85 140219
1788746232 54.93 85 140219
1788746234 54.92 86 140219
1788746236 55.01 85 140219
1788746238 54.90 85 140219
1788746240 55.00 85 140219
1788746242 54.91 85 140219
1788746244 55.05 85 140219
1788746246 54.94 85 140219
1788746248 54.88 85 140219
1788746250 54.98 85 140219
1788746253 54.94 85 140219
1788746255 54.95 85 140219
1788746257 54.93 85 140219
1788746259 54.96 85 140219
1788746261 54.94 85 140219
1788746263 54.96 85 140219
1788746265 54.94 85 140219
1788746267 54.97 84 140219
1788746269 54.96 86 140219
1788746271 54.95 84 140219
1788746273 54.94 85 140219
1788746275 54.96 88 140219
1788746277 55.00 85 140219
1788746279 54.91 85 140219
