1788821560 36.10 68 1572
1788821562 64.85 69 1572
1788821564 64.90 70 1572
1788821566 64.93 73 1572
1788821568 64.82 72 1572
1788821570 64.80 73 1572
1788821572 52.77 66 1572
1788821574 50.00 67 1572
1788821576 49.92 67 1572
1788821578 49.95 66 1572
1788821580 49.96 66 1572
1788821582 49.97 66 1572
1788821584 49.97 67 1572
1788821586 49.94 68 1572
1788821588 49.94 66 1572
1788821590 49.96 66 1572
1788821592 49.94 67 1572
1788821594 49.97 66 1572
1788821596 49.97 67 1572
1788821598 49.92 67 1572
1788821600 49.94 67 1572
1788821602 49.97 66 1572
1788821604 50.00 68 1572
1788821606 49.97 67 1572
1788821608 50.02 68 1572
1788821610 49.90 67 1572
1788821612 50.01 66 1572
1788821614 49.91 67 1572
1788821616 49.95 67 1572
1788821618 49.94 67 1572
1788821620 49.95 67 1572
1788821623 49.93 67 1572
1788821625 49.97 68 1572
1788821627 49.94 69 1572
1788821629 49.97 68 1572
1788821631 49.97 67 1572
1788821633 49.93 69 1572
1788821635 49.97 67 1572
1788821637 49.94 67 1572
1788821639 49.97 67 1572
1788821641 49.97 68 1572
1788821643 50.01 67 1572
1788821645 49.95 67 1572
1788821647 49.86 68 1572
1788821649 49.96 68 1572
1788821651 49.98 68 1572
1788821653 49.94 68 1572
1788821655 49.97 68 1572
1788821657 49.96 67 1572
1788821659 49.96 67 1572
1788821661 49.94 68 1572
1788821663 49.95 68 1572
1788821665 49.97 68 1572
1788821667 49.92 67 1572
1788821669 49.96 68 1572
1788821671 49.94 67 1572
1788821673 50.00 66 1572
1788821675 49.94 66 1572
1788821677 49.97 66 1572
1788821679 49.94 68 1572
1788821681 49.96 67 1572
1788821683 49.94 68 1572
1788821685 49.94 68 1572
1788821688 49.99 69 1572
1788821690 49.97 68 1572
1788821692 49.92 69 1572
1788821694 49.99 69 1572
1788821696 49.91 69 1572
1788821698 49.94 68 1572
1788821700 49.96 69 1572
1788821702 49.95 69 1572
1788821704 49.96 69 1572
1788821706 49.94 69 1572
1788821708 49.97 70 1572
1788821710 49.96 69 1572
1788821712 49.95 69 1572
1788821714 49.96 68 1572
1788821716 49.94 68 1572
1788821718 49.97 68 1572
1788821720 49.97 68 1572
1788821722 49.95 69 1572
1788821724 49.98 69 1572
1788821726 49.94 69 1572
1788821728 49.99 68 1572
1788821730 49.89 69 1572
1788821732 49.97 68 1572
1788821734 49.98 68 1572
1788821736 49.93 68 1572
1788821738 49.99 68 1572
