1788821771 42.17 73 1572
1788821773 80.61 76 1572
1788821775 80.90 83 1572
1788821777 81.17 86 1572
1788821779 80.92 84 1572
1788821781 81.07 87 1572
1788821783 77.85 80 1572
1788821785 65.00 78 1572
1788821787 64.94 77 1572
1788821790 64.94 77 1572
1788821792 64.94 80 1572
1788821794 64.94 78 1572
1788821796 65.00 79 1572
1788821798 64.94 80 1572
1788821800 64.98 80 1572
1788821802 64.97 80 1572
1788821804 64.93 80 1572
1788821806 65.00 80 1572
1788821808 64.93 80 1572
1788821810 64.92 81 1572
1788821812 64.94 81 1572
1788821814 64.95 81 1572
1788821816 65.06 81 1572
1788821818 64.90 81 1572
1788821820 64.93 81 1572
1788821822 64.98 81 1572
1788821824 64.96 81 1572
1788821826 64.89 81 1572
1788821828 64.97 81 1572
1788821830 64.99 80 1572
1788821832 64.88 81 1572
1788821834 64.96 82 1572
1788821836 64.92 81 1572
1788821838 64.97 81 1572
1788821840 65.02 80 1572
1788821842 64.92 81 1572
1788821844 64.98 82 1572
1788821846 64.95 81 1572
1788821848 64.95 81 1572
1788821850 65.03 82 1572
1788821852 64.86 82 1572
1788821855 64.95 81 1572
1788821857 64.97 82 1572
1788821859 64.92 82 1572
1788821861 64.97 81 1572
1788821863 64.95 82 1572
1788821865 64.95 81 1572
1788821867 64.93 82 1572
1788821869 64.97 82 1572
1788821871 64.99 82 1572
1788821873 64.91 81 1572
1788821875 64.96 81 1572
1788821877 64.98 81 1572
1788821879 64.89 82 1572
1788821881 65.00 82 1572
1788821883 64.94 82 1572
1788821885 64.97 81 1572
1788821887 64.97 82 1572
1788821889 64.94 81 1572
1788821891 64.97 81 1572
1788821893 65.03 82 1572
1788821895 64.87 82 1572
1788821897 64.94 81 1572
1788821899 64.96 82 1572
1788821901 64.92 82 1572
1788821903 65.01 82 1572
1788821905 64.98 82 1572
1788821907 64.92 82 1572
1788821909 64.93 84 1572
1788821911 64.94 82 1572
1788821913 64.96 83 1572
1788821915 64.93 81 1572
1788821917 64.92 82 1572
1788821920 64.98 82 1572
1788821922 64.99 82 1572
1788821924 64.94 82 1572
1788821926 64.93 82 1572
1788821928 64.94 82 1572
1788821930 64.96 82 1572
1788821932 64.98 83 1572
1788821934 64.97 83 1572
1788821936 64.94 82 1572
1788821938 64.96 81 1572
1788821940 64.94 82 1572
1788821942 64.98 82 1572
1788821944 64.92 82 1572
1788821946 64.99 83 1572
1788821948 64.91 82 1572
1788821950 64.92 82 1572
