1788821983 44.25 69 1572
1788821985 70.12 72 1572
1788821987 70.15 74 1572
1788821989 69.89 76 1572
1788821991 70.09 75 1572
1788821993 69.87 78 1572
1788821995 60.17 69 1572
1788821997 55.01 70 1572
1788821999 54.92 70 1572
1788822001 54.92 70 1572
1788822003 55.00 72 1572
1788822005 54.94 71 1572
1788822007 55.00 71 1572
1788822009 54.92 72 1572
1788822011 54.99 71 1572
1788822013 54.93 72 1572
1788822015 55.01 71 1572
1788822017 54.97 71 1572
1788822019 54.96 70 1572
1788822022 54.94 71 1572
1788822024 54.94 72 1572
1788822026 55.02 71 1572
1788822028 54.86 71 1572
1788822030 54.97 72 1572
1788822032 54.94 71 1572
1788822034 54.97 71 1572
1788822036 54.96 72 1572
1788822038 54.94 71 1572
1788822040 54.98 71 1572
1788822042 54.93 71 1572
1788822044 54.95 71 1572
1788822046 54.94 71 1572
1788822048 54.95 72 1572
1788822050 54.98 72 1572
1788822052 54.94 71 1572
1788822054 54.93 71 1572
1788822056 54.97 72 1572
1788822058 54.94 71 1572
1788822060 54.95 71 1572
1788822062 54.96 71 1572
1788822064 54.97 72 1572
1788822066 54.97 72 1572
1788822068 54.91 71 1572
1788822070 54.94 72 1572
1788822072 54.99 71 1572
1788822074 54.91 72 1572
1788822076 54.97 71 1572
1788822078 54.96 71 1572
1788822080 55.03 71 1572
1788822082 54.97 72 1572
1788822084 54.88 72 1572
1788822086 54.95 73 1572
1788822089 54.97 71 1572
1788822091 54.97 72 1572
1788822093 55.02 71 1572
1788822095 54.90 71 1572
1788822097 54.94 71 1572
1788822099 54.96 72 1572
1788822101 54.95 71 1572
1788822103 54.96 72 1572
1788822105 55.02 72 1572
1788822107 54.86 72 1572
1788822109 55.00 71 1572
1788822111 54.94 71 1572
1788822113 54.89 71 1572
1788822115 55.00 72 1572
1788822117 54.93 72 1572
1788822119 54.96 72 1572
1788822121 54.92 72 1572
1788822123 54.99 73 1572
1788822125 54.94 71 1572
1788822127 55.00 71 1572
1788822129 54.91 71 1572
1788822131 54.93 72 1572
1788822133 54.97 72 1572
1788822135 54.96 72 1572
1788822137 54.99 72 1572
1788822139 54.94 72 1572
1788822141 54.94 73 1572
1788822143 55.05 72 1572
1788822145 54.86 72 1572
1788822147 54.96 71 1572
1788822149 54.95 72 1572
1788822151 54.96 72 1572
1788822154 54.97 71 1572
1788822156 54.94 72 1572
1788822158 54.96 72 1572
1788822160 54.94 72 1572
1788822162 54.96 73 1572
