1788821136 38.55 73 1572
1788821138 75.66 75 1572
1788821140 75.41 76 1572
1788821142 75.55 78 1572
1788821144 75.44 82 1572
1788821146 75.40 80 1572
1788821148 70.60 74 1572
1788821150 60.00 73 1572
1788821152 59.92 73 1572
1788821154 59.97 73 1572
1788821156 59.98 73 1572
1788821158 59.94 73 1572
1788821160 60.00 74 1572
1788821163 59.90 74 1572
1788821165 60.00 74 1572
1788821167 59.97 74 1572
1788821169 59.94 74 1572
1788821171 59.94 74 1572
1788821173 59.96 74 1572
1788821175 59.95 75 1572
1788821177 59.93 76 1572
1788821179 59.99 75 1572
1788821181 60.01 74 1572
1788821183 59.89 74 1572
1788821185 59.97 75 1572
1788821187 59.93 75 1572
1788821189 60.00 74 1572
1788821191 59.94 75 1572
1788821193 59.93 75 1572
1788821195 59.94 75 1572
1788821197 60.00 75 1572
1788821199 59.90 75 1572
1788821201 59.97 75 1572
1788821203 59.97 75 1572
1788821205 59.93 75 1572
1788821207 59.94 75 1572
1788821209 60.01 76 1572
1788821211 59.96 76 1572
1788821213 59.90 76 1572
1788821215 60.02 76 1572
1788821217 59.88 77 1572
1788821219 59.98 76 1572
1788821221 59.96 76 1572
1788821223 59.94 76 1572
1788821225 60.00 77 1572
1788821227 59.93 77 1572
1788821230 59.92 76 1572
1788821232 59.96 76 1572
1788821234 59.98 77 1572
1788821236 59.98 76 1572
1788821238 59.96 76 1572
1788821240 59.93 77 1572
1788821242 59.94 77 1572
1788821244 59.96 77 1572
1788821246 59.96 77 1572
1788821248 59.98 77 1572
1788821250 59.90 76 1572
1788821252 59.97 77 1572
1788821254 60.07 77 1572
1788821256 59.89 76 1572
1788821258 59.91 77 1572
1788821260 59.90 77 1572
1788821262 60.06 78 1572
1788821264 59.88 77 1572
1788821266 59.96 77 1572
1788821268 59.97 77 1572
1788821270 59.93 77 1572
1788821272 59.95 77 1572
1788821274 59.93 76 1572
1788821276 60.01 77 1572
1788821278 59.99 77 1572
1788821280 59.90 77 1572
1788821282 59.97 78 1572
1788821284 59.92 76 1572
1788821286 59.95 77 1572
1788821288 59.96 78 1572
1788821290 60.00 78 1572
1788821292 59.93 77 1572
1788821294 59.94 78 1572
1788821297 59.97 77 1572
1788821299 59.93 77 1572
1788821301 59.94 77 1572
1788821303 60.00 77 1572
1788821305 59.86 77 1572
1788821307 60.01 77 1572
1788821309 59.93 77 1572
1788821311 59.97 77 1572
1788821313 59.91 76 1572
1788821315 59.96 77 1572
