1788821348 39.92 73 1572
1788821350 75.45 76 1572
1788821352 75.45 78 1572
1788821354 75.39 82 1572
1788821356 75.19 82 1572
1788821358 75.26 84 1572
1788821360 69.52 74 1572
1788821362 59.94 73 1572
1788821364 59.94 72 1572
1788821366 59.97 73 1572
1788821368 60.03 73 1572
1788821370 59.91 73 1572
1788821372 59.92 73 1572
1788821374 59.99 74 1572
1788821376 59.93 74 1572
1788821378 59.98 75 1572
1788821380 59.93 75 1572
1788821382 60.00 75 1572
1788821384 59.93 76 1572
1788821386 59.98 76 1572
1788821388 59.93 76 1572
1788821390 59.93 77 1572
1788821393 59.95 76 1572
1788821395 60.02 76 1572
1788821397 59.91 76 1572
1788821399 59.97 76 1572
1788821401 59.97 76 1572
1788821403 59.93 76 1572
1788821405 59.95 77 1572
1788821407 60.03 76 1572
1788821409 59.91 77 1572
1788821411 59.93 77 1572
1788821413 59.99 77 1572
1788821415 59.94 76 1572
1788821417 60.00 77 1572
1788821419 59.95 76 1572
1788821421 59.93 77 1572
1788821423 59.96 77 1572
1788821425 59.89 77 1572
1788821427 59.99 76 1572
1788821429 59.92 77 1572
1788821431 59.95 77 1572
1788821433 59.96 76 1572
1788821435 59.93 77 1572
1788821437 60.00 77 1572
1788821439 59.89 77 1572
1788821441 59.95 78 1572
1788821443 59.95 77 1572
1788821445 60.02 77 1572
1788821447 59.93 77 1572
1788821449 60.00 79 1572
1788821451 59.88 77 1572
1788821453 59.97 77 1572
1788821455 59.98 77 1572
1788821458 59.92 77 1572
1788821460 59.94 77 1572
1788821462 59.97 77 1572
1788821464 59.93 76 1572
1788821466 59.94 76 1572
1788821468 59.97 77 1572
1788821470 59.97 76 1572
1788821472 59.93 77 1572
1788821474 59.97 77 1572
1788821476 59.97 77 1572
1788821478 59.97 78 1572
1788821480 59.91 76 1572
1788821482 60.02 76 1572
1788821484 59.87 77 1572
1788821486 59.94 77 1572
1788821488 60.01 77 1572
1788821490 59.97 77 1572
1788821492 59.91 77 1572
1788821494 59.92 77 1572
1788821496 60.01 77 1572
1788821498 59.90 77 1572
1788821500 59.94 77 1572
1788821502 60.01 77 1572
1788821504 59.94 77 1572
1788821506 59.94 77 1572
1788821508 59.96 77 1572
1788821510 59.94 78 1572
1788821512 59.95 77 1572
1788821514 59.97 77 1572
1788821516 59.91 78 1572
1788821518 59.97 76 1572
1788821520 59.91 77 1572
1788821523 59.99 77 1572
1788821525 59.94 77 1572
1788821527 59.95 76 1572
