1788820723 41.01 77 1572
1788820725 80.67 80 1572
1788820727 80.62 82 1572
1788820729 80.70 84 1572
1788820731 80.55 88 1572
1788820733 80.50 87 1572
1788820735 76.58 79 1572
1788820737 65.00 78 1572
1788820739 64.93 80 1572
1788820741 64.95 78 1572
1788820743 64.97 77 1572
1788820745 64.93 78 1572
1788820747 65.00 79 1572
1788820749 64.91 78 1572
1788820751 64.93 80 1572
1788820753 64.96 79 1572
1788820755 64.91 80 1572
1788820757 64.99 80 1572
1788820759 64.96 81 1572
1788820761 64.96 81 1572
1788820763 64.92 81 1572
1788820765 64.96 80 1572
1788820767 64.98 81 1572
1788820769 64.90 81 1572
1788820771 65.00 81 1572
1788820773 64.92 81 1572
1788820776 64.97 82 1572
1788820778 64.99 81 1572
1788820780 64.94 81 1572
1788820782 64.93 80 1572
1788820784 64.99 82 1572
1788820786 64.90 82 1572
1788820788 65.00 81 1572
1788820790 65.03 81 1572
1788820792 64.87 81 1572
1788820794 64.90 81 1572
1788820796 64.99 81 1572
1788820798 64.97 81 1572
1788820800 64.96 82 1572
1788820802 64.87 81 1572
1788820804 64.99 81 1572
1788820806 64.94 82 1572
1788820808 65.00 81 1572
1788820810 64.91 82 1572
1788820812 64.95 82 1572
1788820814 64.94 82 1572
1788820816 64.98 82 1572
1788820818 64.93 82 1572
1788820820 64.97 81 1572
1788820822 64.96 81 1572
1788820824 64.96 82 1572
1788820826 64.89 82 1572
1788820828 64.98 82 1572
1788820830 64.94 82 1572
1788820832 64.98 82 1572
1788820834 64.96 82 1572
1788820836 64.98 82 1572
1788820838 64.89 82 1572
1788820840 64.96 82 1572
1788820842 64.97 82 1572
1788820845 64.93 83 1572
1788820847 64.96 82 1572
1788820849 64.95 81 1572
1788820851 64.97 81 1572
1788820853 64.99 83 1572
1788820855 64.94 82 1572
1788820857 64.99 82 1572
1788820859 64.88 82 1572
1788820861 65.01 81 1572
1788820863 64.95 82 1572
1788820865 64.92 81 1572
1788820867 64.96 82 1572
1788820869 64.93 82 1572
1788820871 64.96 82 1572
1788820873 64.97 83 1572
1788820875 64.90 82 1572
1788820877 64.94 82 1572
1788820879 64.89 82 1572
1788820881 65.01 82 1572
1788820883 64.95 83 1572
1788820885 64.94 82 1572
1788820887 64.93 82 1572
1788820889 65.00 82 1572
1788820891 64.97 82 1572
1788820893 64.96 82 1572
1788820895 64.95 83 1572
1788820897 64.95 82 1572
1788820899 64.95 82 1572
1788820901 64.92 82 1572
