1788820521 36.10 71 1572
1788820523 71.41 75 1572
1788820525 71.44 74 1572
1788820527 71.49 79 1572
1788820529 71.32 79 1572
1788820531 71.21 80 1572
1788820533 56.77 68 1572
1788820535 54.99 68 1572
1788820537 54.91 69 1572
1788820539 55.01 69 1572
1788820541 54.94 69 1572
1788820543 54.96 69 1572
1788820545 54.95 69 1572
1788820547 54.93 70 1572
1788820549 55.05 69 1572
1788820551 54.86 70 1572
1788820554 54.97 69 1572
1788820556 54.95 71 1572
1788820558 55.00 69 1572
1788820560 54.94 69 1572
1788820562 54.94 69 1572
1788820564 54.96 69 1572
1788820566 54.97 71 1572
1788820568 54.97 69 1572
1788820570 54.94 71 1572
1788820572 54.96 71 1572
1788820574 55.02 70 1572
1788820576 54.90 71 1572
1788820578 54.90 70 1572
1788820580 54.99 71 1572
1788820582 55.00 69 1572
1788820584 54.98 71 1572
1788820586 54.91 70 1572
1788820588 54.97 71 1572
1788820590 54.92 71 1572
1788820592 54.95 71 1572
1788820594 54.94 71 1572
1788820596 54.95 71 1572
1788820598 54.96 71 1572
1788820600 55.00 71 1572
1788820602 54.87 71 1572
1788820604 55.00 72 1572
1788820606 54.96 71 1572
1788820608 54.95 71 1572
1788820610 54.99 72 1572
1788820612 55.00 72 1572
1788820614 54.90 71 1572
1788820616 54.97 71 1572
1788820619 54.92 72 1572
1788820621 54.98 71 1572
1788820623 54.94 72 1572
1788820625 54.95 71 1572
1788820627 54.96 72 1572
1788820629 54.94 71 1572
1788820631 54.97 72 1572
1788820633 54.93 72 1572
1788820635 54.97 71 1572
1788820637 54.97 72 1572
1788820639 55.02 69 1572
1788820641 54.89 72 1572
1788820643 54.97 71 1572
1788820645 54.91 71 1572
1788820647 54.98 71 1572
1788820649 54.92 71 1572
1788820651 54.98 72 1572
1788820653 54.95 71 1572
1788820655 54.91 72 1572
1788820657 54.98 72 1572
1788820659 54.97 71 1572
1788820661 55.00 71 1572
1788820663 54.88 71 1572
1788820665 54.94 71 1572
1788820667 54.97 72 1572
1788820669 54.94 71 1572
1788820671 55.01 71 1572
1788820673 54.89 72 1572
1788820675 55.00 73 1572
1788820677 54.92 72 1572
1788820679 54.94 72 1572
1788820681 54.93 72 1572
1788820683 54.95 72 1572
1788820685 54.96 72 1572
1788820688 54.94 72 1572
1788820690 54.93 72 1572
1788820692 54.98 72 1572
1788820694 54.93 72 1572
1788820696 54.99 72 1572
1788820698 54.94 72 1572
1788820700 54.97 72 1572
