1788820319 32.03 58 1572
1788820321 59.75 60 1572
1788820323 59.85 64 1572
1788820325 59.65 66 1572
1788820327 59.91 64 1572
1788820330 57.98 58 1572
1788820332 44.96 58 1572
1788820334 44.96 58 1572
1788820336 44.95 57 1572
1788820338 44.96 58 1572
1788820340 44.96 58 1572
1788820342 44.98 59 1572
1788820344 44.96 58 1572
1788820346 44.98 58 1572
1788820348 44.91 60 1572
1788820350 44.98 59 1572
1788820352 45.00 59 1572
1788820354 44.95 60 1572
1788820356 44.92 59 1572
1788820358 44.96 60 1572
1788820360 45.03 59 1572
1788820362 44.89 60 1572
1788820364 44.98 59 1572
1788820366 44.99 59 1572
1788820368 44.96 61 1572
1788820370 44.93 60 1572
1788820372 44.98 60 1572
1788820374 44.94 60 1572
1788820376 44.97 61 1572
1788820378 44.98 61 1572
1788820380 44.94 60 1572
1788820382 44.97 60 1572
1788820384 44.94 60 1572
1788820386 44.97 61 1572
1788820388 44.94 60 1572
1788820390 44.94 61 1572
1788820393 44.97 60 1572
1788820395 44.95 61 1572
1788820397 44.96 62 1572
1788820399 44.97 60 1572
1788820401 44.92 61 1572
1788820403 45.00 62 1572
1788820405 44.95 61 1572
1788820407 44.95 61 1572
1788820409 44.99 61 1572
1788820411 44.90 60 1572
1788820413 44.96 61 1572
1788820415 44.95 62 1572
1788820417 44.96 61 1572
1788820419 44.93 61 1572
1788820421 44.98 62 1572
1788820423 44.95 61 1572
1788820425 44.97 62 1572
1788820427 44.97 62 1572
1788820429 44.99 61 1572
1788820431 44.94 60 1572
1788820433 44.92 60 1572
1788820435 44.92 60 1572
1788820437 44.99 61 1572
1788820439 44.97 60 1572
1788820441 44.90 61 1572
1788820443 44.96 61 1572
1788820445 44.94 61 1572
1788820447 44.94 62 1572
1788820449 44.97 61 1572
1788820451 44.94 63 1572
1788820453 44.98 63 1572
1788820455 44.95 62 1572
1788820458 44.96 64 1572
1788820460 44.97 62 1572
1788820462 44.95 62 1572
1788820464 44.99 62 1572
1788820466 44.92 63 1572
1788820468 44.97 62 1572
1788820470 44.99 63 1572
1788820472 44.93 63 1572
1788820474 44.96 62 1572
1788820476 44.97 62 1572
1788820478 45.01 64 1572
1788820480 44.90 62 1572
1788820482 44.97 63 1572
1788820484 44.96 62 1572
1788820486 44.93 62 1572
1788820488 44.96 62 1572
1788820490 44.97 62 1572
1788820492 44.95 63 1572
1788820494 44.97 62 1572
1788820496 44.94 62 1572
1788820498 44.94 64 1572
