1788820924 34.03 69 1572
1788820926 64.91 72 1572
1788820928 65.04 72 1572
1788820931 64.96 73 1572
1788820933 65.01 77 1572
1788820935 64.31 69 1572
1788820937 50.04 66 1572
1788820939 49.96 67 1572
1788820941 49.88 67 1572
1788820943 49.97 67 1572
1788820945 49.98 67 1572
1788820947 49.92 68 1572
1788820949 49.97 67 1572
1788820951 49.94 67 1572
1788820953 49.97 67 1572
1788820955 49.94 68 1572
1788820957 49.97 68 1572
1788820959 50.00 67 1572
1788820961 49.91 67 1572
1788820963 49.95 67 1572
1788820965 49.96 67 1572
1788820967 50.02 68 1572
1788820969 49.89 68 1572
1788820971 49.94 67 1572
1788820973 49.97 67 1572
1788820975 49.95 67 1572
1788820977 49.94 67 1572
1788820979 49.97 67 1572
1788820981 49.97 67 1572
1788820983 49.98 68 1572
1788820985 49.95 67 1572
1788820987 49.91 68 1572
1788820989 49.96 68 1572
1788820991 49.95 68 1572
1788820993 49.96 67 1572
1788820996 49.94 67 1572
1788820998 49.94 67 1572
1788821000 49.94 68 1572
1788821002 49.94 69 1572
1788821004 49.96 68 1572
1788821006 49.97 68 1572
1788821008 49.96 69 1572
1788821010 49.95 68 1572
1788821012 49.96 68 1572
1788821014 49.98 67 1572
1788821016 49.91 68 1572
1788821018 49.94 68 1572
1788821020 49.95 67 1572
1788821022 49.94 68 1572
1788821024 49.97 68 1572
1788821026 49.96 67 1572
1788821028 49.94 68 1572
1788821030 49.97 67 1572
1788821032 49.95 68 1572
1788821034 49.97 68 1572
1788821036 49.96 67 1572
1788821038 49.99 68 1572
1788821040 49.90 67 1572
1788821042 49.98 68 1572
1788821044 49.95 68 1572
1788821046 49.94 67 1572
1788821048 50.01 67 1572
1788821050 49.90 67 1572
1788821052 49.99 67 1572
1788821054 49.97 66 1572
1788821056 49.95 67 1572
1788821058 49.97 68 1572
1788821060 49.94 68 1572
1788821063 49.96 68 1572
1788821065 49.96 68 1572
1788821067 49.95 69 1572
1788821069 49.97 69 1572
1788821071 49.94 69 1572
1788821073 49.97 69 1572
1788821075 49.96 69 1572
1788821077 49.95 68 1572
1788821079 49.93 68 1572
1788821081 49.94 69 1572
1788821083 49.97 68 1572
1788821085 49.96 69 1572
1788821087 49.94 68 1572
1788821089 49.96 67 1572
1788821091 49.97 69 1572
1788821093 49.94 69 1572
1788821095 49.97 68 1572
1788821097 49.94 68 1572
1788821099 49.99 69 1572
1788821101 49.92 69 1572
1788821103 50.01 67 1572
