1788822195 31.39 64 1572
1788822197 59.65 66 1572
1788822199 59.77 67 1572
1788822201 59.67 66 1572
1788822203 59.71 69 1572
1788822205 58.75 62 1572
1788822207 44.97 60 1572
1788822209 44.97 61 1572
1788822211 44.95 61 1572
1788822213 44.95 61 1572
1788822215 44.97 62 1572
1788822217 44.95 61 1572
1788822219 44.97 62 1572
1788822221 44.94 62 1572
1788822223 44.95 61 1572
1788822225 44.99 62 1572
1788822227 44.94 62 1572
1788822229 44.93 61 1572
1788822231 44.98 63 1572
1788822233 44.97 63 1572
1788822235 44.95 62 1572
1788822237 44.93 62 1572
1788822239 44.97 64 1572
1788822241 44.97 63 1572
1788822243 44.94 61 1572
1788822245 44.97 61 1572
1788822247 44.96 62 1572
1788822250 44.95 62 1572
1788822252 44.94 63 1572
1788822254 44.94 62 1572
1788822256 44.97 62 1572
1788822258 44.94 62 1572
1788822260 44.99 63 1572
1788822262 44.98 63 1572
1788822264 44.88 62 1572
1788822266 44.96 62 1572
1788822268 44.97 62 1572
1788822270 44.95 62 1572
1788822272 44.94 63 1572
1788822274 44.96 64 1572
1788822276 44.98 62 1572
1788822278 44.96 64 1572
1788822280 44.94 62 1572
1788822282 44.95 62 1572
1788822284 44.93 63 1572
1788822286 44.97 64 1572
1788822288 44.95 62 1572
1788822290 44.97 62 1572
1788822292 44.99 62 1572
1788822294 44.92 62 1572
1788822296 44.94 62 1572
1788822298 44.97 62 1572
1788822300 44.96 63 1572
1788822302 44.95 63 1572
1788822304 44.96 63 1572
1788822306 44.96 64 1572
1788822308 44.97 63 1572
1788822310 44.94 63 1572
1788822312 44.97 63 1572
1788822314 44.95 64 1572
1788822317 44.92 65 1572
1788822319 44.99 65 1572
1788822321 44.96 63 1572
1788822323 44.96 64 1572
1788822325 44.95 64 1572
1788822327 44.94 64 1572
1788822329 44.92 64 1572
1788822331 44.95 64 1572
1788822333 44.99 64 1572
1788822335 44.94 63 1572
1788822337 44.97 64 1572
1788822339 44.94 63 1572
1788822341 45.00 64 1572
1788822343 44.90 64 1572
1788822345 44.98 64 1572
1788822347 44.96 63 1572
1788822349 44.94 63 1572
1788822351 44.96 63 1572
1788822353 44.97 64 1572
1788822355 44.94 63 1572
1788822357 44.95 62 1572
1788822359 44.99 64 1572
1788822361 44.97 64 1572
1788822363 44.95 64 1572
1788822365 44.94 64 1572
1788822367 44.97 62 1572
1788822369 44.92 64 1572
1788822371 44.93 63 1572
1788822373 44.99 63 1572
